[kbplacer_plugin_action.py:69]: Plugin version: 0.14.dev31+g67ef699
[kbplacer_plugin_action.py:70]: Python version: '3.11.5 (main, Jun 15 2025, 06:45:45) [MSC v.1942 64 bit (AMD64)]'
[kbplacer_plugin_action.py:71]: KiCad version: 9.0.3 with 4.2.2 msw (phoenix) wxWidgets 3.2.8
[kbplacer_dialog.py:631]: Language: en
[kbplacer_plugin_action.py:79]: GUI state: {"layout_path": "C:\\Users\\ASUS\\Downloads\\keyboard-layout.json", "key_distance": [19.05, 19.05], "key_info": {"annotation_format": "SW{}", "position_option": "Default", "position": {"x": 0.0, "y": 0.0, "orientation": 0.0, "side": "Front"}, "template_path": ""}, "enable_diode_placement": false, "route_switches_with_diodes": false, "optimize_diodes_orientation": false, "diode_info": {"annotation_format": "D{}", "position_option": "Default", "position": {"x": 5.08, "y": 3.03, "orientation": 90.0, "side": "Back"}, "template_path": ""}, "additional_elements": [{"annotation_format": "ST{}", "position_option": "Custom", "position": {"x": 0.0, "y": 0.0, "orientation": 0.0, "side": "Front"}, "template_path": ""}], "route_rows_and_columns": false, "template_path": "", "generate_outline": false, "outline_delta": 0.0}
[key_placer.py:366]: Set key 1U distance: 19050000/19050000
[key_placer.py:128]: Switches by nets: defaultdict(<class 'list'>, {frozenset({'X2', 'Y1'}): ['SW3'], frozenset({'X1', 'Y3'}): ['SW2'], frozenset({'X1', 'Y1'}): ['SW1'], frozenset({'Y4', 'X2'}): ['SW6'], frozenset({'X2', 'Y2'}): ['SW4'], frozenset({'Y1', 'X3'}): ['SW7'], frozenset({'Y2', 'X3'}): ['SW8'], frozenset({'X4', 'Y2'}): ['SW12'], frozenset({'Y3', 'X3'}): ['SW9'], frozenset({'X4', 'Y4'}): ['SW14'], frozenset({'X4', 'Y1'}): ['SW11'], frozenset({'X4', 'Y3'}): ['SW13'], frozenset({'X2', 'Y3'}): ['SW5'], frozenset({'Y4', 'X3'}): ['SW10']})
[key_placer.py:132]: Diodes by switch: {}
[board_modifier.py:68]: Searching for SW1 footprint in E:/koding/wireless-macrokey/wireless-macrokey.kicad_pcb
[key_placer.py:562]: Looking for connection template between SW1 and other elements
[board_modifier.py:102]: Getting SW1 footprint position: (59030000, 40850000)
[key_placer.py:606]: Got connection template: 
[kle_serial.py:908]: User layout: [[{'w': 2}, '1', {'w': 2}, '2'], ['3', '4', '5', '6'], ['7', '8', '9', '10'], ['11', '12', '13', '14']]
[key_placer.py:666]: Layout offset: (38100000, 28575000)
[board_modifier.py:89]: Setting SW1 footprint position: (57150000, 38100000)
[board_modifier.py:89]: Setting SW2 footprint position: (95250000, 38100000)
[board_modifier.py:89]: Setting SW3 footprint position: (47625000, 57150000)
[board_modifier.py:89]: Setting SW4 footprint position: (66675000, 57150000)
[board_modifier.py:89]: Setting SW5 footprint position: (85725000, 57150000)
[board_modifier.py:89]: Setting SW6 footprint position: (104775000, 57150000)
[board_modifier.py:89]: Setting SW7 footprint position: (47625000, 76200000)
[board_modifier.py:89]: Setting SW8 footprint position: (66675000, 76200000)
[board_modifier.py:89]: Setting SW9 footprint position: (85725000, 76200000)
[board_modifier.py:89]: Setting SW10 footprint position: (104775000, 76200000)
[board_modifier.py:89]: Setting SW11 footprint position: (47625000, 95250000)
[board_modifier.py:89]: Setting SW12 footprint position: (66675000, 95250000)
[board_modifier.py:89]: Setting SW13 footprint position: (85725000, 95250000)
[board_modifier.py:89]: Setting SW14 footprint position: (104775000, 95250000)
[key_placer.py:1003]: Diode info: [ElementInfo(annotation_format='D{}', position_option=<PositionOption.UNCHANGED: 'Unchanged'>, position=ElementPosition(x=5.08, y=3.03, orientation=90.0, side=<Side.BACK: 'Back'>), template_path='')]
[key_placer.py:779]: Placing additional elements for SW3
[board_modifier.py:102]: Getting SW3 footprint position: (47625000, 57150000)
[board_modifier.py:79]: Searching for optional ST3 footprint in E:/koding/wireless-macrokey/wireless-macrokey.kicad_pcb
[board_modifier.py:84]: Footprint not found
[key_placer.py:779]: Placing additional elements for SW2
[board_modifier.py:102]: Getting SW2 footprint position: (95250000, 38100000)
[board_modifier.py:79]: Searching for optional ST2 footprint in E:/koding/wireless-macrokey/wireless-macrokey.kicad_pcb
[board_modifier.py:84]: Footprint not found
[key_placer.py:779]: Placing additional elements for SW1
[board_modifier.py:102]: Getting SW1 footprint position: (57150000, 38100000)
[board_modifier.py:79]: Searching for optional ST1 footprint in E:/koding/wireless-macrokey/wireless-macrokey.kicad_pcb
[board_modifier.py:84]: Footprint not found
[key_placer.py:779]: Placing additional elements for SW6
[board_modifier.py:102]: Getting SW6 footprint position: (104775000, 57150000)
[board_modifier.py:79]: Searching for optional ST6 footprint in E:/koding/wireless-macrokey/wireless-macrokey.kicad_pcb
[board_modifier.py:84]: Footprint not found
[key_placer.py:779]: Placing additional elements for SW4
[board_modifier.py:102]: Getting SW4 footprint position: (66675000, 57150000)
[board_modifier.py:79]: Searching for optional ST4 footprint in E:/koding/wireless-macrokey/wireless-macrokey.kicad_pcb
[board_modifier.py:84]: Footprint not found
[key_placer.py:779]: Placing additional elements for SW7
[board_modifier.py:102]: Getting SW7 footprint position: (47625000, 76200000)
[board_modifier.py:79]: Searching for optional ST7 footprint in E:/koding/wireless-macrokey/wireless-macrokey.kicad_pcb
[board_modifier.py:84]: Footprint not found
[key_placer.py:779]: Placing additional elements for SW8
[board_modifier.py:102]: Getting SW8 footprint position: (66675000, 76200000)
[board_modifier.py:79]: Searching for optional ST8 footprint in E:/koding/wireless-macrokey/wireless-macrokey.kicad_pcb
[board_modifier.py:84]: Footprint not found
[key_placer.py:779]: Placing additional elements for SW12
[board_modifier.py:102]: Getting SW12 footprint position: (66675000, 95250000)
[board_modifier.py:79]: Searching for optional ST12 footprint in E:/koding/wireless-macrokey/wireless-macrokey.kicad_pcb
[board_modifier.py:84]: Footprint not found
[key_placer.py:779]: Placing additional elements for SW9
[board_modifier.py:102]: Getting SW9 footprint position: (85725000, 76200000)
[board_modifier.py:79]: Searching for optional ST9 footprint in E:/koding/wireless-macrokey/wireless-macrokey.kicad_pcb
[board_modifier.py:84]: Footprint not found
[key_placer.py:779]: Placing additional elements for SW14
[board_modifier.py:102]: Getting SW14 footprint position: (104775000, 95250000)
[board_modifier.py:79]: Searching for optional ST14 footprint in E:/koding/wireless-macrokey/wireless-macrokey.kicad_pcb
[board_modifier.py:84]: Footprint not found
[key_placer.py:779]: Placing additional elements for SW11
[board_modifier.py:102]: Getting SW11 footprint position: (47625000, 95250000)
[board_modifier.py:79]: Searching for optional ST11 footprint in E:/koding/wireless-macrokey/wireless-macrokey.kicad_pcb
[board_modifier.py:84]: Footprint not found
[key_placer.py:779]: Placing additional elements for SW13
[board_modifier.py:102]: Getting SW13 footprint position: (85725000, 95250000)
[board_modifier.py:79]: Searching for optional ST13 footprint in E:/koding/wireless-macrokey/wireless-macrokey.kicad_pcb
[board_modifier.py:84]: Footprint not found
[key_placer.py:779]: Placing additional elements for SW5
[board_modifier.py:102]: Getting SW5 footprint position: (85725000, 57150000)
[board_modifier.py:79]: Searching for optional ST5 footprint in E:/koding/wireless-macrokey/wireless-macrokey.kicad_pcb
[board_modifier.py:84]: Footprint not found
[key_placer.py:779]: Placing additional elements for SW10
[board_modifier.py:102]: Getting SW10 footprint position: (104775000, 76200000)
[board_modifier.py:79]: Searching for optional ST10 footprint in E:/koding/wireless-macrokey/wireless-macrokey.kicad_pcb
[board_modifier.py:84]: Footprint not found
